// Jest Snapshot v1, https://goo.gl/fbAQLP

exports[`404 Page renders correctly and matches snapshot 1`] = `
<div>
  <style>
    
          .emoji-404 {
            position: relative;
            animation: mymove 2.5s infinite;
          }
          @keyframes mymove {
            33% { top: 0px; }
            66% { top: 20px; }
            100% { top: 0px; }
          }
        
  </style>
  <div
    class="flex flex-col items-center justify-center min-h-screen bg-gray-100"
  >
    <svg
      class="emoji-404"
      enable-background="new 0 0 226 249.135"
      height="249.135"
      id="Layer_1"
      overflow="visible"
      viewBox="0 0 226 249.135"
      width="226"
      xml:space="preserve"
    >
      <circle
        cx="113"
        cy="113"
        fill="#FFE585"
        r="109"
      />
      <circle
        cx="68.732"
        cy="93"
        fill="#6E6E96"
        r="9"
      />
      <circle
        cx="156.398"
        cy="93"
        fill="#6E6E96"
        r="9"
      />
      <ellipse
        cx="67.732"
        cy="140.894"
        fill="#FF0000"
        opacity="0.18"
        rx="17.372"
        ry="8.106"
      />
      <ellipse
        cx="154.88"
        cy="140.894"
        fill="#FF0000"
        opacity="0.18"
        rx="17.371"
        ry="8.106"
      />
    </svg>
    <div
      class="text-center mt-6"
    >
      <h1
        class="text-gray-500 text-6xl font-bold tracking-widest"
      >
        4 0 4
      </h1>
      <p
        class="text-gray-500 text-xl mt-2"
      >
        Sorry, we couldn't find what you are looking for!
      </p>
    </div>
    <button
      class="mt-6 px-6 py-3 text-lg font-mono text-gray-500 bg-gray-200 rounded-md hover:shadow-md transition-all"
    >
      Go Back
    </button>
    <button
      class="mt-6 px-6 py-3 text-lg font-mono text-gray-500 bg-gray-200 rounded-md hover:shadow-md transition-all"
    >
      <svg
        fill="#e8eaed"
        height="24px"
        viewBox="0 -960 960 960"
        width="24px"
        xmlns="http://www.w3.org/2000/svg"
      >
        <path
          d="M240-200h120v-240h240v240h120v-360L480-740 240-560v360Zm-80 80v-480l320-240 320 240v480H520v-240h-80v240H160Zm320-350Z"
        />
      </svg>
       Home
    </button>
  </div>
</div>
`;
